bun test v1.3.14 (0d9b296a)

test/store/docid-active-owner.test.ts:
(pass) hash lookup prefers a current owner after rename and retains deterministic fallback [21.95ms]

test/store/adapter.test.ts:
(pass) SqliteAdapter > lifecycle > opens and closes database [25.16ms]
(pass) SqliteAdapter > lifecycle > runs initial migrations on fresh database [22.92ms]
(pass) SqliteAdapter > lifecycle > applies default busy_timeout of 60000ms [23.71ms]
(pass) SqliteAdapter > lifecycle > applies configured busy_timeout [34.00ms]
(pass) SqliteAdapter > lifecycle > openReadOnly applies configured busy_timeout [24.73ms]
(pass) SqliteAdapter > lifecycle > skips migrations on reopened database [24.57ms]
(pass) SqliteAdapter > lifecycle > rejects tokenizer mismatch [24.40ms]
(pass) SqliteAdapter > lifecycle > reopens during an active writer transaction without lock failure [179.29ms]
(pass) SqliteAdapter > lifecycle > serializes concurrent outer transactions without treating them as nested [49.02ms]
(pass) SqliteAdapter > lifecycle > uses a savepoint only for nested work in the same async context [25.54ms]
(pass) SqliteAdapter > lifecycle > keeps WAL journal mode in CI for cross-process reads [18.42ms]
(pass) SqliteAdapter > collections sync > syncs collections from config [23.91ms]
(pass) SqliteAdapter > collections sync > preserves legacy provenance until explicit choice and tightens omission [25.05ms]
(pass) SqliteAdapter > collections sync > removes deleted collections on sync [24.08ms]
(pass) SqliteAdapter > contexts sync > syncs contexts from config [25.29ms]
(pass) SqliteAdapter > contexts sync > preserves multiple texts at one scope and dedupes exact tuples [26.07ms]
(pass) SqliteAdapter > additive config projection > is idempotent, repairs desired rows, and preserves unrelated state [42.19ms]
(pass) SqliteAdapter > documents > upserts and retrieves document [28.69ms]
(pass) SqliteAdapter > documents > retrieves document by docid [28.01ms]
(pass) SqliteAdapter > documents > retrieves document by URI [27.53ms]
(pass) SqliteAdapter > documents > marks documents inactive [28.28ms]
(pass) SqliteAdapter > documents > lists documents with optional collection filter [29.79ms]
(pass) SqliteAdapter > documents > lists logical records by source container [28.42ms]
(pass) SqliteAdapter > documents > gets documents by mirror hashes with active-only default [30.45ms]
(pass) SqliteAdapter > documents > gets documents by mirror hashes with collection and active override [38.60ms]
(pass) SqliteAdapter > documents > handles more mirror hashes than SQLite parameter limit [27.75ms]
(pass) SqliteAdapter > documents > lists collection date fields from date_fields metadata [30.10ms]
(pass) SqliteAdapter > documents > sorts paginated docs by frontmatter date field with modified fallback [28.68ms]
(pass) SqliteAdapter > content > upserts and retrieves content by mirror hash [23.87ms]
(pass) SqliteAdapter > content > returns null for missing content [23.90ms]
(pass) SqliteAdapter > content > retrieves content in batch [24.59ms]
(pass) SqliteAdapter > content > retrieves more than 900 unique mirrors without exceeding SQLite variables [708.83ms]
(pass) SqliteAdapter > content > upsert is idempotent [26.47ms]
(pass) SqliteAdapter > chunks > upserts and retrieves chunks [25.83ms]
(pass) SqliteAdapter > chunks > replaces existing chunks on upsert [26.24ms]
(pass) SqliteAdapter > getChunksBatch > returns empty Map for empty input [24.23ms]
(pass) SqliteAdapter > getChunksBatch > returns empty Map for only empty/whitespace strings [28.56ms]
(pass) SqliteAdapter > getChunksBatch > single hash equivalence to getChunks [25.54ms]
(pass) SqliteAdapter > getChunksBatch > multiple unique hashes with ordering preserved [26.87ms]
(pass) SqliteAdapter > getChunksBatch > dedups duplicate hashes in input [25.07ms]
(pass) SqliteAdapter > getChunksBatch > mix of existing and non-existing hashes [25.29ms]
(pass) SqliteAdapter > getChunksBatch > large batch (>900 hashes) is correctly batched [1516.36ms]
(pass) SqliteAdapter > status > returns index status [31.37ms]
(pass) SqliteAdapter > status > status can scope embedded counts and backlog to one embed model [28.90ms]
(pass) SqliteAdapter > errors > records and retrieves ingest errors [24.39ms]
(pass) SqliteAdapter > cleanup > removes orphaned content [34.15ms]
(pass) SqliteAdapter > cleanup > clears stale embeddings for one collection and protects shared vectors [43.93ms]
(pass) SqliteAdapter > cleanup > clears all embeddings for one collection [30.75ms]

test/serve/routes/links.test.ts:
(pass) GET /api/doc/:id/links > returns 200 with links and meta [0.43ms]
(pass) GET /api/doc/:id/links > filters by type=wiki [0.16ms]
(pass) GET /api/doc/:id/links > returns 404 when doc not found [0.08ms]
(pass) GET /api/doc/:id/links > returns empty array when no links [0.10ms]
(pass) GET /api/doc/:id/links > omits resolved fields when resolution unavailable [0.11ms]
(pass) GET /api/doc/:id/backlinks > returns 200 with backlinks and meta [0.32ms]
(pass) GET /api/doc/:id/backlinks > returns 404 when doc not found [0.07ms]
(pass) GET /api/doc/:id/backlinks > returns empty array when no backlinks [0.07ms]
(pass) GET /api/doc/:id/similar > returns 503 when vector search unavailable [0.36ms]
(pass) GET /api/doc/:id/similar > returns 404 when doc not found [0.08ms]
(pass) GET /api/doc/:id/similar > returns empty when doc has no content [0.13ms]

 60 pass
 0 fail
 1180 expect() calls
Ran 60 tests across 3 files. [3.94s]
