Re-index All
- generic "CollectionsNew TabGNOBackCollections1Add new sources, re-index after external edits or git pulls, an" [ref=e1] clickable [onclick]
  - button "Collections" [ref=e2]
  - button [ref=e3]
  - button "New Tab" [ref=e4]
  - button "GNO" [ref=e6]
  - button "Back" [ref=e7]
  - heading "Collections" [level=1, ref=e8]
  - button "Refresh" [ref=e9]
  - button "Re-index All" [ref=e10]
  - button "Add Collection" [ref=e11]
  - button "qa /home/gordon/.c...1c9/browser/collection 0 documents 0 chunks 100% embedded Click card to browse documents in this collection." [ref=e12]
    - button [expanded=false, ref=e20]
    - paragraph "/home/gordon/.c...1c9/browser/collection" [ref=e21] clickable [cursor:pointer, onclick]
  - button "Collections" [ref=e13]
  - button "Trace history" [ref=e14]
  - link "GitHub" [ref=e15]
  - link "Discord" [ref=e16]
  - link "gno.sh" [ref=e17]
  - link "Twitter" [ref=e18]
  - button "Keyboard shortcuts" [ref=e5]
  - heading "Quick Switcher" [level=2, ref=e19]
✓ Done
✓ Done
- generic "CollectionsNew TabGNOBackCollections1Add new sources, re-index after external edits or git pulls, an" [ref=e1] clickable [onclick]
  - button "Collections" [ref=e2]
  - button [ref=e3]
  - button "New Tab" [ref=e4]
  - button "GNO" [ref=e6]
  - button "Back" [ref=e7]
  - heading "Collections" [level=1, ref=e8]
  - button "Refresh" [ref=e9]
  - button "Re-index All" [disabled, ref=e10]
  - button "Add Collection" [ref=e11]
  - button "qa /home/gordon/.c...1c9/browser/collection 0 documents 0 chunks 100% embedded Click card to browse documents in this collection." [ref=e12]
    - button [expanded=false, disabled, ref=e20]
    - paragraph "/home/gordon/.c...1c9/browser/collection" [ref=e21] clickable [cursor:pointer, onclick]
  - button "Collections" [ref=e13]
  - button "Trace history" [ref=e14]
  - link "GitHub" [ref=e15]
  - link "Discord" [ref=e16]
  - link "gno.sh" [ref=e17]
  - link "Twitter" [ref=e18]
  - button "Keyboard shortcuts" [ref=e5]
  - heading "Quick Switcher" [level=2, ref=e19]
✓ Done
Manage Collections
- generic "HomeNew TabGNOYour Local Knowledge Index✦Slim TunedUpdate AllSearchAskBrowseCollectionsConnectorsGra" [ref=e1] clickable [onclick]
  - button "Home" [ref=e2]
  - button [ref=e3]
  - button "New Tab" [ref=e4]
  - heading "GNO" [level=1, ref=e16]
  - button "Slim Tuned" [ref=e36]
  - button "Update All" [ref=e17]
  - button "Search" [ref=e18]
  - button "Ask" [ref=e19]
  - button "Browse" [ref=e20]
  - button "Collections" [ref=e21]
  - button "Connectors" [ref=e22]
  - button "Graph" [ref=e23]
  - button "Trace history" [ref=e24]
  - heading "Health Center" [level=2, ref=e25]
  - heading "RESIDENT RUNTIME" [level=3, ref=e26]
  - button "Manage folders" [ref=e27]
  - button "Run update" [ref=e28]
  - button "Run update" [ref=e29]
  - button "Download models" [ref=e30]
  - heading "Bootstrap & Storage" [level=2, ref=e31]
  - button "Download missing models" [ref=e32]
  - button "Collections 1 Add folders, re-index after changes, remove old sources." [ref=e7]
  - generic "Quick CaptureNew NoteN" [ref=e8] clickable [cursor:pointer, onclick]
  - heading "Collections" [level=2, ref=e33]
  - button "Manage Collections" [ref=e34]
  - generic "qa/home/gordon/.cache/agent-tmp/fn151152-final-f64c41c9/browser/collection0 docs0 chunks" [ref=e35] clickable [cursor:pointer, onclick]
    - button [ref=e37]
  - button "New note (N)" [ref=e5]
  - button "Collections" [ref=e9]
  - button "Trace history" [ref=e10]
  - link "GitHub" [ref=e11]
  - link "Discord" [ref=e12]
  - link "gno.sh" [ref=e13]
  - link "Twitter" [ref=e14]
  - button "Keyboard shortcuts" [ref=e6]
  - heading "Quick Switcher" [level=2, ref=e15]
✓ Done
Re-index All
- generic "CollectionsNew TabGNOBackCollections1Add new sources, re-index after external edits or git pulls, an" [ref=e1] clickable [onclick]
  - button "Collections" [ref=e2]
  - button [ref=e3]
  - button "New Tab" [ref=e4]
  - button "GNO" [ref=e6]
  - button "Back" [ref=e7]
  - heading "Collections" [level=1, ref=e8]
  - button "Refresh" [ref=e9]
  - button "Re-index All" [ref=e10]
  - button "Add Collection" [ref=e11]
  - button "qa /home/gordon/.c...1c9/browser/collection 0 documents 0 chunks 100% embedded Click card to browse documents in this collection." [ref=e12]
    - button [expanded=false, ref=e20]
    - paragraph "/home/gordon/.c...1c9/browser/collection" [ref=e21] clickable [cursor:pointer, onclick]
  - button "Collections" [ref=e13]
  - button "Trace history" [ref=e14]
  - link "GitHub" [ref=e15]
  - link "Discord" [ref=e16]
  - link "gno.sh" [ref=e17]
  - link "Twitter" [ref=e18]
  - button "Keyboard shortcuts" [ref=e5]
  - heading "Quick Switcher" [level=2, ref=e19]
✓ Done
✓ Done
- generic "CollectionsNew TabGNOBackCollections1Add new sources, re-index after external edits or git pulls, an" [ref=e1] clickable [onclick]
  - button "Collections" [ref=e2]
  - button [ref=e3]
  - button "New Tab" [ref=e4]
  - button "GNO" [ref=e6]
  - button "Back" [ref=e7]
  - heading "Collections" [level=1, ref=e8]
  - button "Refresh" [ref=e9]
  - button "Re-index All" [disabled, ref=e10]
  - button "Add Collection" [ref=e11]
  - button "qa /home/gordon/.c...1c9/browser/collection 0 documents 0 chunks 100% embedded Click card to browse documents in this collection." [ref=e12]
    - button [expanded=false, disabled, ref=e20]
    - paragraph "/home/gordon/.c...1c9/browser/collection" [ref=e21] clickable [cursor:pointer, onclick]
  - button "Collections" [ref=e13]
  - button "Trace history" [ref=e14]
  - link "GitHub" [ref=e15]
  - link "Discord" [ref=e16]
  - link "gno.sh" [ref=e17]
  - link "Twitter" [ref=e18]
  - button "Keyboard shortcuts" [ref=e5]
  - heading "Quick Switcher" [level=2, ref=e19]
✓ Done
Manage Collections
- generic "HomeNew TabGNOYour Local Knowledge Index✦Slim TunedUpdate AllSetup wizard63%Finish the first lexical" [ref=e1] clickable [onclick]
  - button "Home" [ref=e2]
  - button [ref=e3]
  - button "New Tab" [ref=e4]
  - heading "GNO" [level=1, ref=e16]
  - button "Slim Tuned" [ref=e36]
  - button "Update All" [ref=e17]
  - button "Pick folders Step 1 Done 1 folder connected." [ref=e42]
  - button "Choose speed vs quality Step 2 Done Current preset: GNO Slim Tuned (Default, ~1GB). You can change this any time." [ref=e43]
  - button "3 Prepare local models Step 3 Later Download the active preset so semantic search and indexing embeddings can run locally." [ref=e44]
  - button "4 Prove lexical retrieval Step 4 Now qa: index/no_documents. Run: gno index qa --no-embed" [ref=e45]
  - button "Run sync" [ref=e37]
  - button "Run first sync" [ref=e38]
  - button "Previous" [ref=e39]
  - button "Next" [disabled, ref=e40]
  - button "Search" [ref=e18]
  - button "Ask" [ref=e19]
  - button "Browse" [ref=e20]
  - button "Collections" [ref=e21]
  - button "Connectors" [ref=e22]
  - button "Graph" [ref=e23]
  - button "Trace history" [ref=e24]
  - heading "Health Center" [level=2, ref=e25]
  - heading "RESIDENT RUNTIME" [level=3, ref=e26]
  - button "Manage folders" [ref=e27]
  - button "Run update" [ref=e28]
  - button "Run update" [ref=e29]
  - button "Download models" [ref=e30]
  - heading "Bootstrap & Storage" [level=2, ref=e31]
  - button "Download missing models" [ref=e32]
  - button "Collections 1 Add folders, re-index after changes, remove old sources." [ref=e7]
  - generic "Quick CaptureNew NoteN" [ref=e8] clickable [cursor:pointer, onclick]
  - heading "Collections" [level=2, ref=e33]
  - button "Manage Collections" [ref=e34]
  - generic "qa/home/gordon/.cache/agent-tmp/fn151152-final-f64c41c9/browser/collection0 docs0 chunks" [ref=e35] clickable [cursor:pointer, onclick]
    - button [ref=e41]
  - button "New note (N)" [ref=e5]
  - button "Collections" [ref=e9]
  - button "Trace history" [ref=e10]
  - link "GitHub" [ref=e11]
  - link "Discord" [ref=e12]
  - link "gno.sh" [ref=e13]
  - link "Twitter" [ref=e14]
  - button "Keyboard shortcuts" [ref=e6]
  - heading "Quick Switcher" [level=2, ref=e15]
✓ Done
Re-index All
- generic "CollectionsNew TabGNOBackCollections1Add new sources, re-index after external edits or git pulls, an" [ref=e1] clickable [onclick]
  - button "Collections" [ref=e2]
  - button [ref=e3]
  - button "New Tab" [ref=e4]
  - button "GNO" [ref=e6]
  - button "Back" [ref=e7]
  - heading "Collections" [level=1, ref=e8]
  - button "Refresh" [ref=e9]
  - button "Re-index All" [ref=e10]
  - button "Add Collection" [ref=e11]
  - button "qa /home/gordon/.c...1c9/browser/collection 0 documents 0 chunks 100% embedded Click card to browse documents in this collection." [ref=e12]
    - button [expanded=false, ref=e20]
    - paragraph "/home/gordon/.c...1c9/browser/collection" [ref=e21] clickable [cursor:pointer, onclick]
  - button "Collections" [ref=e13]
  - button "Trace history" [ref=e14]
  - link "GitHub" [ref=e15]
  - link "Discord" [ref=e16]
  - link "gno.sh" [ref=e17]
  - link "Twitter" [ref=e18]
  - button "Keyboard shortcuts" [ref=e5]
  - heading "Quick Switcher" [level=2, ref=e19]
✓ Done
✓ Done
✓ Screenshot saved to /home/gordon/.cache/agent-tmp/fn151152-final-f64c41c9/mobile-remount-returned.png
- generic "CollectionsNew TabGNOBackCollections1Add new sources, re-index after external edits or git pulls, an" [ref=e1] clickable [onclick]
  - button "Collections" [ref=e2]
  - button [ref=e3]
  - button "New Tab" [ref=e4]
  - button "GNO" [ref=e6]
  - button "Back" [ref=e7]
  - heading "Collections" [level=1, ref=e8]
  - button "Refresh" [ref=e9]
  - button "Re-index All" [disabled, ref=e10]
  - button "Add Collection" [ref=e11]
  - button "qa /home/gordon/.c...1c9/browser/collection 0 documents 0 chunks 100% embedded Click card to browse documents in this collection." [ref=e12]
    - button [expanded=false, disabled, ref=e20]
    - paragraph "/home/gordon/.c...1c9/browser/collection" [ref=e21] clickable [cursor:pointer, onclick]
  - button "Collections" [ref=e13]
  - button "Trace history" [ref=e14]
  - link "GitHub" [ref=e15]
  - link "Discord" [ref=e16]
  - link "gno.sh" [ref=e17]
  - link "Twitter" [ref=e18]
  - button "Keyboard shortcuts" [ref=e5]
  - heading "Quick Switcher" [level=2, ref=e19]
✓ Done
