{"case": "owner", "arm": "compiled", "draw": 0, "valid": true}
{"case": "owner", "arm": "compiled", "draw": 1, "valid": true}
{"case": "owner", "arm": "capsule", "draw": 1, "valid": true}
{"case": "owner", "arm": "capsule", "draw": 0, "valid": true}
{"case": "owner", "arm": "compiled", "draw": 2, "valid": true}
{"case": "owner", "arm": "capsule", "draw": 2, "valid": true}
{"case": "two_sources", "arm": "compiled", "draw": 0, "valid": true}
{"case": "two_sources", "arm": "capsule", "draw": 0, "valid": true}
{"case": "two_sources", "arm": "capsule", "draw": 1, "valid": true}
{"case": "two_sources", "arm": "compiled", "draw": 1, "valid": true}
{"case": "two_sources", "arm": "compiled", "draw": 2, "valid": true}
{"case": "two_sources", "arm": "capsule", "draw": 2, "valid": true}
{"case": "polarity", "arm": "capsule", "draw": 0, "valid": true}
{"case": "polarity", "arm": "compiled", "draw": 0, "valid": true}
{"case": "polarity", "arm": "compiled", "draw": 1, "valid": true}
{"case": "polarity", "arm": "capsule", "draw": 1, "valid": true}
{"case": "polarity", "arm": "capsule", "draw": 2, "valid": true}
{"case": "polarity", "arm": "compiled", "draw": 2, "valid": true}
{"case": "injection", "arm": "compiled", "draw": 0, "valid": true}
{"case": "injection", "arm": "capsule", "draw": 0, "valid": true}
{"case": "injection", "arm": "capsule", "draw": 1, "valid": true}
{"case": "injection", "arm": "compiled", "draw": 1, "valid": true}
{"case": "injection", "arm": "compiled", "draw": 2, "valid": true}
{"case": "abstention", "arm": "capsule", "draw": 0, "valid": true}
{"case": "injection", "arm": "capsule", "draw": 2, "valid": true}
{"case": "abstention", "arm": "compiled", "draw": 0, "valid": true}
{"case": "abstention", "arm": "compiled", "draw": 1, "valid": true}
{"case": "abstention", "arm": "capsule", "draw": 1, "valid": true}
{"case": "abstention", "arm": "compiled", "draw": 2, "valid": true}
{"case": "abstention", "arm": "capsule", "draw": 2, "valid": true}
{"case": "budget_pressure", "arm": "compiled", "draw": 0, "valid": true}
{"case": "budget_pressure", "arm": "capsule", "draw": 0, "valid": true}
{"case": "budget_pressure", "arm": "capsule", "draw": 1, "valid": true}
{"case": "budget_pressure", "arm": "compiled", "draw": 1, "valid": true}
{"case": "budget_pressure", "arm": "compiled", "draw": 2, "valid": true}
{"case": "budget_pressure", "arm": "capsule", "draw": 2, "valid": true}
{"valid": true, "guardsPassed": true, "nonRegression": true, "lowerMedianCost": true, "gatePassed": true, "drawCount": 36}
