{
  "results": [
    {
      "docid": "#98897c0b",
      "score": 0.8896359279751778,
      "uri": "gno://identity/copy/Beta.md",
      "title": "Beta",
      "contentType": "prose",
      "categories": [
        "prose"
      ],
      "line": 1,
      "snippet": "The cobalt observatory opens at dawn.\n",
      "snippetRange": {
        "startLine": 1,
        "endLine": 1
      },
      "source": {
        "relPath": "copy/Beta.md",
        "absPath": "/home/gordon/.cache/agent-tmp/gno-simulator-native-3d9c0ec4-y0wz09qr/corpus/copy/Beta.md",
        "mime": "text/markdown",
        "ext": ".md",
        "modifiedAt": "2026-09-05T02:56:14.883Z",
        "sizeBytes": 38,
        "sourceHash": "98897c0b09e72a985612b60ede53122b133130f78795180fc97aff7911667abc"
      },
      "conversion": {
        "mirrorHash": "98897c0b09e72a985612b60ede53122b133130f78795180fc97aff7911667abc",
        "converterId": "native/markdown",
        "converterVersion": "1.0.0"
      },
      "egressLineage": {
        "effectivePolicy": "local_only",
        "digest": "a6b10c5b8d46f23047f934a968c39315ebf296adc9d231ddc828f2ea523fd0b2",
        "sources": [
          {
            "collection": "identity",
            "policy": "local_only",
            "source": "config_default"
          }
        ]
      }
    },
    {
      "docid": "#6dc5c05b",
      "score": 0.8845320791006088,
      "uri": "gno://identity/Alpha.md",
      "title": "Alpha",
      "contentType": "prose",
      "categories": [
        "prose"
      ],
      "line": 1,
      "snippet": "The cobalt observatory opens at dawn.\n",
      "snippetRange": {
        "startLine": 1,
        "endLine": 1
      },
      "source": {
        "relPath": "Alpha.md",
        "absPath": "/home/gordon/.cache/agent-tmp/gno-simulator-native-3d9c0ec4-y0wz09qr/corpus/Alpha.md",
        "mime": "text/markdown",
        "ext": ".md",
        "modifiedAt": "2026-09-05T02:56:09.136Z",
        "sizeBytes": 43,
        "sourceHash": "6dc5c05b6892801ba49521f20d85691c218425659949c9df3687f59aacadada2"
      },
      "conversion": {
        "mirrorHash": "98897c0b09e72a985612b60ede53122b133130f78795180fc97aff7911667abc",
        "converterId": "native/markdown",
        "converterVersion": "1.0.0"
      },
      "egressLineage": {
        "effectivePolicy": "local_only",
        "digest": "a6b10c5b8d46f23047f934a968c39315ebf296adc9d231ddc828f2ea523fd0b2",
        "sources": [
          {
            "collection": "identity",
            "policy": "local_only",
            "source": "config_default"
          }
        ]
      }
    },
    {
      "docid": "#60145b31",
      "score": 0.8186313658952713,
      "uri": "gno://identity/Scope.md",
      "title": "Scope",
      "contentType": "prose",
      "categories": [
        "prose"
      ],
      "line": 1,
      "snippet": "The cobalt observatory telescope uses a quartz lens.\n",
      "snippetRange": {
        "startLine": 1,
        "endLine": 1
      },
      "source": {
        "relPath": "Scope.md",
        "absPath": "/home/gordon/.cache/agent-tmp/gno-simulator-native-3d9c0ec4-y0wz09qr/corpus/Scope.md",
        "mime": "text/markdown",
        "ext": ".md",
        "modifiedAt": "2026-09-05T02:56:38.663Z",
        "sizeBytes": 53,
        "sourceHash": "60145b3156b2fe3d9f1e11c391fc2db666d3a29dd453fb494233eeb26c61b946"
      },
      "conversion": {
        "mirrorHash": "60145b3156b2fe3d9f1e11c391fc2db666d3a29dd453fb494233eeb26c61b946",
        "converterId": "native/markdown",
        "converterVersion": "1.0.0"
      },
      "egressLineage": {
        "effectivePolicy": "local_only",
        "digest": "a6b10c5b8d46f23047f934a968c39315ebf296adc9d231ddc828f2ea523fd0b2",
        "sources": [
          {
            "collection": "identity",
            "policy": "local_only",
            "source": "config_default"
          }
        ]
      }
    },
    {
      "docid": "#ca2c1633",
      "score": 0.701312780380249,
      "uri": "gno://other/Delta.md",
      "title": "Delta",
      "contentType": "prose",
      "categories": [
        "prose"
      ],
      "line": 1,
      "snippet": "The copper laboratory closes at midnight.\n",
      "snippetRange": {
        "startLine": 1,
        "endLine": 1
      },
      "source": {
        "relPath": "Delta.md",
        "absPath": "/home/gordon/.cache/agent-tmp/gno-simulator-native-3d9c0ec4-y0wz09qr/other/Delta.md",
        "mime": "text/markdown",
        "ext": ".md",
        "modifiedAt": "2026-09-05T02:50:59.874Z",
        "sizeBytes": 42,
        "sourceHash": "ca2c163363e28d63bda73f5cf6c83e0b7d8445ebd67f26295564f2c48d753e7f"
      },
      "conversion": {
        "mirrorHash": "ca2c163363e28d63bda73f5cf6c83e0b7d8445ebd67f26295564f2c48d753e7f",
        "converterId": "native/markdown",
        "converterVersion": "1.0.0"
      },
      "egressLineage": {
        "effectivePolicy": "local_only",
        "digest": "713099f0668e0eec9cbc4066570f3ef37e32aff76fff1ca6df5769776862142d",
        "sources": [
          {
            "collection": "other",
            "policy": "local_only",
            "source": "config_default"
          }
        ]
      }
    },
    {
      "docid": "#77cf571d",
      "score": 0.6617915630340576,
      "uri": "gno://other/Scope.md",
      "title": "Scope",
      "contentType": "prose",
      "categories": [
        "prose"
      ],
      "line": 1,
      "snippet": "The copper laboratory uses an argon chamber.\n",
      "snippetRange": {
        "startLine": 1,
        "endLine": 1
      },
      "source": {
        "relPath": "Scope.md",
        "absPath": "/home/gordon/.cache/agent-tmp/gno-simulator-native-3d9c0ec4-y0wz09qr/other/Scope.md",
        "mime": "text/markdown",
        "ext": ".md",
        "modifiedAt": "2026-09-05T02:56:38.663Z",
        "sizeBytes": 45,
        "sourceHash": "77cf571dfd43e715edcf1b894245bf00e28111bad72a8d9ac22cf83fef3bef36"
      },
      "conversion": {
        "mirrorHash": "77cf571dfd43e715edcf1b894245bf00e28111bad72a8d9ac22cf83fef3bef36",
        "converterId": "native/markdown",
        "converterVersion": "1.0.0"
      },
      "egressLineage": {
        "effectivePolicy": "local_only",
        "digest": "713099f0668e0eec9cbc4066570f3ef37e32aff76fff1ca6df5769776862142d",
        "sources": [
          {
            "collection": "other",
            "policy": "local_only",
            "source": "config_default"
          }
        ]
      }
    }
  ],
  "meta": {
    "query": "cobalt observatory dawn",
    "mode": "vector",
    "vectorsUsed": true,
    "totalResults": 5,
    "queryLanguage": "it"
  }
}
