README.md: OK
drivers/fn146.5-capture-scope-preflight.ts: OK
drivers/fn146.5-compare.ts: OK
drivers/fn146.5-configure-metal.ts: OK
drivers/fn146.5-configure.ts: OK
drivers/fn146.5-curate-metal.py: OK
drivers/fn146.5-curate.py: OK
drivers/fn146.5-drain.ts: OK
drivers/fn146.5-durable-analysis.py: OK
drivers/fn146.5-fairness-analysis.py: OK
drivers/fn146.5-ivan-transport.py: OK
drivers/fn146.5-native-analysis.py: OK
drivers/fn146.5-pin-shutdown.ts: OK
drivers/fn146.5-run.ts: OK
drivers/fn146.5-server-launch.ts: OK
drivers/fn146.5-shutdown-bindings.ts: OK
drivers/fn146.5-shutdown-observer.ts: OK
drivers/fn146.5-shutdown-preflight.ts: OK
drivers/fn146.5-supervise.py: OK
drivers/fn146.5-surface-preload.ts: OK
drivers/fn146.5-transition-observer.ts: OK
drivers/fn146.5-transition-preflight.ts: OK
drivers/fn146.5-transport-driver.ts: OK
drivers/fn146.5-wire.ts: OK
fairness1024-raw.tar.gz: OK
fn146.5-cuda-durable.json: OK
fn146.5-cuda-fairness.json: OK
fn146.5-cuda-native-inputs.json.gz: OK
fn146.5-cuda-native-summary.json: OK
fn146.5-cuda-notification-settlement.json: OK
fn146.5-final-binding-preflight.json: OK
fn146.5-final-prepared.md: OK
fn146.5-final-shutdown-source-pins.json: OK
fn146.5-first-negative.json: OK
fn146.5-scope-v2-preflight.log: OK
fn146.5-v2-response-reanalysis.json: OK
helpers-8b45a54d.tar: OK
inventory.json: OK
package-manifest.json: OK
pending1024-raw.tar.gz: OK
synthetic-foreground/config.json: OK
synthetic-foreground/original-manifest.json: OK
synthetic-foreground/prep-provenance.json: OK
synthetic-foreground/probe-0.md: OK
synthetic-foreground/probe-1.md: OK
synthetic-foreground/probe-10.md: OK
synthetic-foreground/probe-11.md: OK
synthetic-foreground/probe-12.md: OK
synthetic-foreground/probe-13.md: OK
synthetic-foreground/probe-14.md: OK
synthetic-foreground/probe-15.md: OK
synthetic-foreground/probe-16.md: OK
synthetic-foreground/probe-17.md: OK
synthetic-foreground/probe-18.md: OK
synthetic-foreground/probe-19.md: OK
synthetic-foreground/probe-2.md: OK
synthetic-foreground/probe-20.md: OK
synthetic-foreground/probe-21.md: OK
synthetic-foreground/probe-22.md: OK
synthetic-foreground/probe-23.md: OK
synthetic-foreground/probe-24.md: OK
synthetic-foreground/probe-25.md: OK
synthetic-foreground/probe-26.md: OK
synthetic-foreground/probe-27.md: OK
synthetic-foreground/probe-28.md: OK
synthetic-foreground/probe-29.md: OK
synthetic-foreground/probe-3.md: OK
synthetic-foreground/probe-4.md: OK
synthetic-foreground/probe-5.md: OK
synthetic-foreground/probe-6.md: OK
synthetic-foreground/probe-7.md: OK
synthetic-foreground/probe-8.md: OK
synthetic-foreground/probe-9.md: OK
v1-raw.tar.gz: OK
v2-raw.tar.gz: OK
v3-raw.tar.gz: OK
v4-raw.tar.gz: OK
v5-http-raw.tar.gz: OK
v6-continuation-raw.tar.gz: OK
verify-artifacts.py: OK
